Picked up JAVA_TOOL_OPTIONS: -XX:-UsePerfData -XX:-UseJVMCICompiler -XX:-TieredCompilation
Downloading https://services.gradle.org/distributions/gradle-8.14.3-bin.zip
.............10%.............20%.............30%.............40%.............50%.............60%.............70%.............80%.............90%..............100%

Welcome to Gradle 8.14.3!

Here are the highlights of this release:
 - Java 24 support
 - GraalVM Native Image toolchain selection
 - Enhancements to test reporting
 - Build Authoring improvements

For more details see https://docs.gradle.org/8.14.3/release-notes.html

To honour the JVM settings for this build a single-use Daemon process will be forked. For more on this, please refer to https://docs.gradle.org/8.14.3/userguide/gradle_daemon.html#sec:disabling_the_daemon in the Gradle documentation.
Daemon will be stopped at the end of the build 

> Configure project :expo-gradle-plugin:expo-autolinking-plugin
w: file:///home/runner/workspace/node_modules/.pnpm/expo-modules-autolinking@3.0.24/node_modules/expo-modules-autolinking/android/expo-gradle-plugin/expo-autolinking-plugin/build.gradle.kts:25:3: 'kotlinOptions(KotlinJvmOptionsDeprecated /* = KotlinJvmOptions */.() -> Unit): Unit' is deprecated. Please migrate to the compilerOptions DSL. More details are here: https://kotl.in/u1r8ln

> Configure project :expo-gradle-plugin:expo-autolinking-settings-plugin
w: file:///home/runner/workspace/node_modules/.pnpm/expo-modules-autolinking@3.0.24/node_modules/expo-modules-autolinking/android/expo-gradle-plugin/expo-autolinking-settings-plugin/build.gradle.kts:30:3: 'kotlinOptions(KotlinJvmOptionsDeprecated /* = KotlinJvmOptions */.() -> Unit): Unit' is deprecated. Please migrate to the compilerOptions DSL. More details are here: https://kotl.in/u1r8ln

FAILURE: Build failed with an exception.

* What went wrong:
Could not determine the dependencies of task ':gradle-plugin:settings-plugin:compileKotlin'.
> Cannot find a Java installation on your machine (Linux 6.14.11 amd64) matching: {languageVersion=17, vendor=any vendor, implementation=vendor-specific, nativeImageCapable=false}. Some toolchain resolvers had provisioning failures: foojay (Unable to download toolchain matching the requirements ({languageVersion=17, vendor=any vendor, implementation=vendor-specific, nativeImageCapable=false}) from 'https://api.foojay.io/disco/v3.0/ids/54001d0b636ad500b432d20ef3d580d0/redirect', due to: Unpacked JDK archive does not contain a Java home: /tmp/gradle-home/.tmp/jdks/OpenJDK17U-jdk_x64_linux_hotspot_17-any#20vendor-17890490150292042205.tmp).

* Try:
> Learn more about toolchain auto-detection and auto-provisioning at https://docs.gradle.org/8.14.3/userguide/toolchains.html#sec:auto_detection.
> Learn more about toolchain repositories at https://docs.gradle.org/8.14.3/userguide/toolchains.html#sub:download_repositories.
> Run with --stacktrace option to get the stack trace.
> Run with --info or --debug option to get more log output.
> Run with --scan to get full insights.
> Get more help at https://help.gradle.org.

BUILD FAILED in 1m 1s
